Microchip MPLAB XC8 Compiler V1.44 ()

Linker command line:

-W-3 --edf=E:\Program Files\Microchip\xc8\v1.44\dat\en_msgs.txt -cs \
  -h+dist/default/production\WateringSystem.X.production.sym \
  --cmf=dist/default/production\WateringSystem.X.production.cmf -z \
  -Q16F877A -oC:\Users\rs\AppData\Local\Temp\so0.2 \
  -Mdist/default/production/WateringSystem.X.production.map -E1 -ver=XC8 \
  -ASTACK=0110h-016fh -pstack=STACK -ACODE=00h-07FFhx4 -ASTRCODE=00h-01FFFh \
  -ASTRING=00h-0FFhx32 -ACONST=00h-0FFhx32 -AENTRY=00h-0FFhx32 \
  -ACOMMON=070h-07Fh -ABANK0=020h-06Fh -ABANK1=0A0h-0EFh \
  -ABANK2=0110h-016Fh -ABANK3=0190h-01EFh \
  -ARAM=020h-06Fh,0A0h-0EFh,0110h-016Fh,0190h-01EFh \
  -AABS1=020h-07Fh,0A0h-0EFh,0110h-016Fh,0190h-01EFh -ASFR0=00h-01Fh \
  -ASFR1=080h-09Fh -ASFR2=0100h-010Fh -ASFR3=0180h-018Fh \
  -preset_vec=00h,intentry=04h,init,end_init -ppowerup=CODE -pcinit=CODE \
  -pfunctab=ENTRY -ACONFIG=02007h-02007h -pconfig=CONFIG -DCONFIG=2 \
  -AIDLOC=02000h-02003h -pidloc=IDLOC -DIDLOC=2 -AEEDATA=00h-0FFh/02100h \
  -peeprom_data=EEDATA -DEEDATA=2 -DCODE=2 -DSTRCODE=2 -DSTRING=2 -DCONST=2 \
  -DENTRY=2 -k C:\Users\rs\AppData\Local\Temp\so0.obj \
  dist/default/production\WateringSystem.X.production.obj 

Object code version is 3.11

Machine type is 16F877A



                Name                               Link     Load   Length Selector   Space Scale
C:\Users\rs\AppData\Local\Temp\so0.obj
                end_init                             12       12        3        8       0
                reset_vec                             0        0        3        0       0
                config                             2007     2007        1     400E       0
dist/default/production\WateringSystem.X.production.obj
                cinit                                15       15       13        8       0
                intentry                              4        4        E        8       0
                text10                              179      179       1E      1DE       0
                text9                               15A      15A       1F      1DE       0
                text8                               1B3      1B3        B      1DE       0
                text7                               1D0      1D0        4      1DE       0
                text6                               1BE      1BE        A      1DE       0
                text5                               12A      12A       30      1DE       0
                text4                               1A7      1A7        C      1DE       0
                text3                               197      197       10      1DE       0
                text2                                EF       EF       3B      1DE       0
                text1                                70       70       42        8       0
                maintext                             28       28       48        8       0
                cstackBANK0                          58       58        1       20       1
                cstackCOMMON                         79       79        4       70       1
                clrtext                             1C8      1C8        8      1DE       0
                bssBANK0                             20       20       2E       20       1
                bssCOMMON                            70       70        9       70       1
                nvBANK0                              4E       4E        A       20       1
                strings                              B2       B2       3D      164       0

TOTAL           Name                               Link     Load   Length     Space
        CLASS   STACK          

        CLASS   CODE           
                end_init                             12       12        3         0
                cinit                                15       15       13         0
                intentry                              4        4        E         0
                reset_vec                             0        0        3         0
                text10                              179      179       1E         0
                text9                               15A      15A       1F         0
                text8                               1B3      1B3        B         0
                text7                               1D0      1D0        4         0
                text6                               1BE      1BE        A         0
                text5                               12A      12A       30         0
                text4                               1A7      1A7        C         0
                text3                               197      197       10         0
                text2                                EF       EF       3B         0
                text1                                70       70       42         0
                maintext                             28       28       48         0
                clrtext                             1C8      1C8        8         0

        CLASS   STRCODE        

        CLASS   STRING         
                strings                              B2       B2       3D         0

        CLASS   CONST          

        CLASS   ENTRY          

        CLASS   COMMON         
                cstackCOMMON                         79       79        4         1
                bssCOMMON                            70       70        9         1

        CLASS   BANK0          
                cstackBANK0                          58       58        1         1
                bssBANK0                             20       20       2E         1
                nvBANK0                              4E       4E        A         1

        CLASS   BANK1          

        CLASS   BANK2          

        CLASS   BANK3          

        CLASS   RAM            

        CLASS   ABS1           
                abs_s1                               7E       7E        2         1

        CLASS   SFR0           

        CLASS   SFR1           

        CLASS   SFR2           

        CLASS   SFR3           

        CLASS   CONFIG         
                config                             2007     2007        1         0

        CLASS   IDLOC          

        CLASS   EEDATA         



SEGMENTS        Name                           Load    Length   Top    Selector   Space  Class     Delta

                reset_vec                      000000  000003  000003         0       0  CODE        2
                intentry                       000004  0000AE  0000B2         8       0  CODE        2
                bssBANK0                       000020  000039  000059        20       1  BANK0       1
                bssCOMMON                      000070  00000D  00007D        70       1  COMMON      1
                strings                        0000B2  00003D  0000EF       164       0  STRING      2
                text2                          0000EF  0000E5  0001D4       1DE       0  CODE        2
                config                         002007  000001  002008      400E       0  CONFIG      2


UNUSED ADDRESS RANGES

        Name                Unused          Largest block    Delta
        BANK0            0059-006F             17           1
        BANK1            00A0-00EF             50           1
        BANK2            0110-016F             60           1
        BANK3            0190-01EF             60           1
        CODE             0003-0003              1           2
                         01D4-1FFF            800
        COMMON           007D-007D              1           1
        CONST            0003-0003              1           2
                         01D4-1FFF            100
        EEDATA           2100-21FF            100           2
        ENTRY            0003-0003              1           2
                         01D4-1FFF            100
        IDLOC            2000-2003              4           2
        RAM              0059-006F             17           1
                         00A0-00EF             50
                         0110-016F             60
                         0190-01EF             60
        SFR0             0000-001F             20           1
        SFR1             0080-009F             20           1
        SFR2             0100-010F             10           1
        SFR3             0180-018F             10           1
        STACK            0110-016F             60           1
        STRCODE          0003-0003              1           2
                         01D4-1FFF           1E2C
        STRING           0003-0003              1           2
                         01D4-1FFF            100

                                  Symbol Table

_GIE                              (abs)        005F
_HardwareConfiguration            text9        015A
_INTCON                           (abs)        000B
_INTF                             (abs)        0059
_ISR                              text10       0179
_Init1msecTimerInterrupt          text7        01D0
_InitExternal_INT                 text6        01BE
_InitTimer0                       text8        01B3
_LED_ON                           nvBANK0      0056
_LED_Z1                           nvBANK0      0054
_LED_Z2                           nvBANK0      0052
_LED_Z3                           nvBANK0      0050
_LED_Z4                           nvBANK0      004E
_LedProcess                       text5        012A
_OPTION_REG                       (abs)        0081
_PORTD                            (abs)        0008
_ProcessMENUStates                text4        01A7
_ProcessWATERINGStates            text3        0197
_RB1                              (abs)        0031
_RB2                              (abs)        0032
_RB3                              (abs)        0033
_RB4                              (abs)        0034
_RD0                              (abs)        0040
_RD1                              (abs)        0041
_RD2                              (abs)        0042
_RD3                              (abs)        0043
_RD4                              (abs)        0044
_SoftwareConfiguration            text2        00EF
_T0IE                             (abs)        005D
_T0IF                             (abs)        005A
_TMR0                             (abs)        0001
_TRISB                            (abs)        0086
_TRISD                            (abs)        0088
_UpdateTimeCounters               text1        0070
_Z1                               bssBANK0     0038
_Z2                               bssBANK0     0030
_Z3                               bssBANK0     0028
_Z4                               bssBANK0     0020
__CFG_BOREN$ON                    (abs)        0000
__CFG_CP$OFF                      (abs)        0000
__CFG_CPD$OFF                     (abs)        0000
__CFG_FOSC$HS                     (abs)        0000
__CFG_LVP$OFF                     (abs)        0000
__CFG_PWRTE$OFF                   (abs)        0000
__CFG_WDTE$OFF                    (abs)        0000
__CFG_WRT$OFF                     (abs)        0000
__Habs1                           abs1         0000
__Hbank0                          bank0        0000
__Hbank1                          bank1        0000
__Hbank2                          bank2        0000
__Hbank3                          bank3        0000
__HbssBANK0                       bssBANK0     0000
__HbssCOMMON                      bssCOMMON    0000
__Hcinit                          cinit        0028
__Hclrtext                        clrtext      0000
__Hcode                           code         0000
__Hcommon                         common       0000
__Hconfig                         config       2008
__HcstackBANK0                    cstackBANK0  0000
__HcstackCOMMON                   cstackCOMMON 0000
__Heeprom_data                    eeprom_data  0000
__Hend_init                       end_init     0015
__Hfunctab                        functab      0000
__Hidloc                          idloc        0000
__Hinit                           init         0012
__Hintentry                       intentry     0012
__Hmaintext                       maintext     0000
__HnvBANK0                        nvBANK0      0000
__Hpowerup                        powerup      0000
__Hram                            ram          0000
__Hreset_vec                      reset_vec    0003
__Hsfr0                           sfr0         0000
__Hsfr1                           sfr1         0000
__Hsfr2                           sfr2         0000
__Hsfr3                           sfr3         0000
__Hspace_0                        (abs)        2008
__Hspace_1                        (abs)        007D
__Hspace_2                        (abs)        0000
__Hspace_3                        (abs)        0000
__Hstack                          stack        0000
__Hstrings                        strings      0000
__Htext                           text         0000
__Labs1                           abs1         0000
__Lbank0                          bank0        0000
__Lbank1                          bank1        0000
__Lbank2                          bank2        0000
__Lbank3                          bank3        0000
__LbssBANK0                       bssBANK0     0000
__LbssCOMMON                      bssCOMMON    0000
__Lcinit                          cinit        0015
__Lclrtext                        clrtext      0000
__Lcode                           code         0000
__Lcommon                         common       0000
__Lconfig                         config       2007
__LcstackBANK0                    cstackBANK0  0000
__LcstackCOMMON                   cstackCOMMON 0000
__Leeprom_data                    eeprom_data  0000
__Lend_init                       end_init     0012
__Lfunctab                        functab      0000
__Lidloc                          idloc        0000
__Linit                           init         0012
__Lintentry                       intentry     0004
__Lmaintext                       maintext     0000
__LnvBANK0                        nvBANK0      0000
__Lpowerup                        powerup      0000
__Lram                            ram          0000
__Lreset_vec                      reset_vec    0000
__Lsfr0                           sfr0         0000
__Lsfr1                           sfr1         0000
__Lsfr2                           sfr2         0000
__Lsfr3                           sfr3         0000
__Lspace_0                        (abs)        0000
__Lspace_1                        (abs)        0000
__Lspace_2                        (abs)        0000
__Lspace_3                        (abs)        0000
__Lstack                          stack        0000
__Lstrings                        strings      0000
__Ltext                           text         0000
__S0                              (abs)        2008
__S1                              (abs)        007D
__S2                              (abs)        0000
__S3                              (abs)        0000
___int_sp                         stack        0000
___latbits                        (abs)        0002
___sp                             stack        0000
__end_of_HardwareConfiguration    text9        0179
__end_of_ISR                      text10       0197
__end_of_Init1msecTimerInterrupt  text7        01D4
__end_of_InitExternal_INT         text6        01C8
__end_of_InitTimer0               text8        01BE
__end_of_LedProcess               text5        015A
__end_of_MENU_CONFIGURACOES       strings      00DF
__end_of_MENU_DURACAO             strings      00CA
__end_of_MENU_ESTADO              strings      00E5
__end_of_MENU_HORA                strings      00EA
__end_of_MENU_HUMIDADE            strings      00C1
__end_of_MENU_LIGAR               strings      00D1
__end_of_MENU_MANUAL              strings      00D8
__end_of_MENU_ZONA                strings      00EF
__end_of_ProcessMENUStates        text4        01B3
__end_of_ProcessWATERINGStates    text3        01A7
__end_of_SoftwareConfiguration    text2        012A
__end_of_UpdateTimeCounters       text1        00B2
__end_of__initialization          cinit        0024
__end_of__stringtab               strings      00B8
__end_of_main                     maintext     0070
__initialization                  cinit        0015
__pbssBANK0                       bssBANK0     0020
__pbssCOMMON                      bssCOMMON    0070
__pcstackBANK0                    cstackBANK0  0058
__pcstackCOMMON                   cstackCOMMON 0079
__pintentry                       intentry     0004
__pmaintext                       maintext     0028
__pnvBANK0                        nvBANK0      004E
__pstrings                        strings      00B2
__ptext1                          text1        0070
__ptext10                         text10       0179
__ptext2                          text2        00EF
__ptext3                          text3        0197
__ptext4                          text4        01A7
__ptext5                          text5        012A
__ptext6                          text6        01BE
__ptext7                          text7        01D0
__ptext8                          text8        01B3
__ptext9                          text9        015A
__size_of_HardwareConfiguration   (abs)        0000
__size_of_ISR                     (abs)        0000
__size_of_Init1msecTimerInterrupt (abs)        0000
__size_of_InitExternal_INT        (abs)        0000
__size_of_InitTimer0              (abs)        0000
__size_of_LedProcess              (abs)        0000
__size_of_ProcessMENUStates       (abs)        0000
__size_of_ProcessWATERINGStates   (abs)        0000
__size_of_SoftwareConfiguration   (abs)        0000
__size_of_UpdateTimeCounters      (abs)        0000
__size_of_main                    (abs)        0000
__stringbase                      strings      00B7
__stringtab                       strings      00B2
_bootDONE                         bssCOMMON    0078
_dayCounter                       bssBANK0     0042
_hrCounter                        bssBANK0     0044
_main                             maintext     0028
_menuSTATES                       bssCOMMON    0076
_minCounter                       bssCOMMON    0070
_msCounter                        bssCOMMON    0074
_secCounter                       bssCOMMON    0072
_timer20ms                        bssBANK0     0040
_wateringSTATES                   bssCOMMON    0077
btemp                             (abs)        007E
clear_ram0                        clrtext      01C8
end_of_initialization             cinit        0024
interrupt_function                intentry     0004
intlevel0                         functab      0000
intlevel1                         functab      0000
intlevel2                         functab      0000
intlevel3                         functab      0000
intlevel4                         functab      0000
intlevel5                         functab      0000
reset_vec                         reset_vec    0000
saved_w                           (abs)        007E
stackhi                           (abs)        0000
stacklo                           (abs)        0000
start                             init         0012
start_initialization              cinit        0015
wtemp0                            (abs)        007E


FUNCTION INFORMATION:

 *************** function _main *****************
 Defined at:
		line 121 in file "WateringSystem.c"
 Parameters:    Size  Location     Type
		None
 Auto vars:     Size  Location     Type
		None
 Return value:  Size  Location     Type
                  2  118[None  ] int 
 Registers used:
		wreg, fsr0l, fsr0h, status,2, status,0, pclath, cstack
 Tracked objects:
		On entry : 
		On exit  : 
		Unchanged: 
 Data sizes:     COMMON   BANK0   BANK1   BANK3   BANK2
      Params:         0       0       0       0       0
      Locals:         0       0       0       0       0
      Temps:          0       0       0       0       0
      Totals:         0       0       0       0       0
Total ram usage:        0 bytes
 Hardware stack levels required when called:    3
 This function calls:
		_HardwareConfiguration
		_Init1msecTimerInterrupt
		_InitExternal_INT
		_LedProcess
		_ProcessMENUStates
		_ProcessWATERINGStates
		_SoftwareConfiguration
		_UpdateTimeCounters
 This function is called by:
		Startup code after reset
 This function uses a non-reentrant model


 *************** function _UpdateTimeCounters *****************
 Defined at:
		line 326 in file "WateringSystem.c"
 Parameters:    Size  Location     Type
		None
 Auto vars:     Size  Location     Type
		None
 Return value:  Size  Location     Type
                  1    wreg      void 
 Registers used:
		wreg, status,2, status,0
 Tracked objects:
		On entry : 
		On exit  : 
		Unchanged: 
 Data sizes:     COMMON   BANK0   BANK1   BANK3   BANK2
      Params:         0       0       0       0       0
      Locals:         0       0       0       0       0
      Temps:          0       0       0       0       0
      Totals:         0       0       0       0       0
Total ram usage:        0 bytes
 Hardware stack levels used:    1
 Hardware stack levels required when called:    1
 This function calls:
		Nothing
 This function is called by:
		_main
 This function uses a non-reentrant model


 *************** function _SoftwareConfiguration *****************
 Defined at:
		line 182 in file "WateringSystem.c"
 Parameters:    Size  Location     Type
		None
 Auto vars:     Size  Location     Type
		None
 Return value:  Size  Location     Type
                  1    wreg      void 
 Registers used:
		wreg, status,2
 Tracked objects:
		On entry : 
		On exit  : 
		Unchanged: 
 Data sizes:     COMMON   BANK0   BANK1   BANK3   BANK2
      Params:         0       0       0       0       0
      Locals:         0       0       0       0       0
      Temps:          0       0       0       0       0
      Totals:         0       0       0       0       0
Total ram usage:        0 bytes
 Hardware stack levels used:    1
 Hardware stack levels required when called:    1
 This function calls:
		Nothing
 This function is called by:
		_main
 This function uses a non-reentrant model


 *************** function _ProcessWATERINGStates *****************
 Defined at:
		line 214 in file "WateringSystem.c"
 Parameters:    Size  Location     Type
		None
 Auto vars:     Size  Location     Type
		None
 Return value:  Size  Location     Type
                  1    wreg      void 
 Registers used:
		wreg, fsr0l, fsr0h, status,2, status,0
 Tracked objects:
		On entry : 
		On exit  : 
		Unchanged: 
 Data sizes:     COMMON   BANK0   BANK1   BANK3   BANK2
      Params:         0       0       0       0       0
      Locals:         0       0       0       0       0
      Temps:          0       0       0       0       0
      Totals:         0       0       0       0       0
Total ram usage:        0 bytes
 Hardware stack levels used:    1
 Hardware stack levels required when called:    1
 This function calls:
		Nothing
 This function is called by:
		_main
 This function uses a non-reentrant model


 *************** function _ProcessMENUStates *****************
 Defined at:
		line 229 in file "WateringSystem.c"
 Parameters:    Size  Location     Type
		None
 Auto vars:     Size  Location     Type
		None
 Return value:  Size  Location     Type
                  1    wreg      void 
 Registers used:
		wreg, fsr0l, fsr0h, status,2, status,0
 Tracked objects:
		On entry : 
		On exit  : 
		Unchanged: 
 Data sizes:     COMMON   BANK0   BANK1   BANK3   BANK2
      Params:         0       0       0       0       0
      Locals:         0       0       0       0       0
      Temps:          0       0       0       0       0
      Totals:         0       0       0       0       0
Total ram usage:        0 bytes
 Hardware stack levels used:    1
 Hardware stack levels required when called:    1
 This function calls:
		Nothing
 This function is called by:
		_main
 This function uses a non-reentrant model


 *************** function _LedProcess *****************
 Defined at:
		line 248 in file "WateringSystem.c"
 Parameters:    Size  Location     Type
		None
 Auto vars:     Size  Location     Type
		None
 Return value:  Size  Location     Type
                  1    wreg      void 
 Registers used:
		None
 Tracked objects:
		On entry : 
		On exit  : 
		Unchanged: 
 Data sizes:     COMMON   BANK0   BANK1   BANK3   BANK2
      Params:         0       0       0       0       0
      Locals:         0       0       0       0       0
      Temps:          0       0       0       0       0
      Totals:         0       0       0       0       0
Total ram usage:        0 bytes
 Hardware stack levels used:    1
 Hardware stack levels required when called:    1
 This function calls:
		Nothing
 This function is called by:
		_main
 This function uses a non-reentrant model


 *************** function _InitExternal_INT *****************
 Defined at:
		line 261 in file "WateringSystem.c"
 Parameters:    Size  Location     Type
		None
 Auto vars:     Size  Location     Type
		None
 Return value:  Size  Location     Type
                  1    wreg      void 
 Registers used:
		wreg, status,2, status,0
 Tracked objects:
		On entry : 
		On exit  : 
		Unchanged: 
 Data sizes:     COMMON   BANK0   BANK1   BANK3   BANK2
      Params:         0       0       0       0       0
      Locals:         0       0       0       0       0
      Temps:          0       1       0       0       0
      Totals:         0       1       0       0       0
Total ram usage:        1 bytes
 Hardware stack levels used:    1
 Hardware stack levels required when called:    1
 This function calls:
		Nothing
 This function is called by:
		_main
 This function uses a non-reentrant model


 *************** function _Init1msecTimerInterrupt *****************
 Defined at:
		line 318 in file "WateringSystem.c"
 Parameters:    Size  Location     Type
		None
 Auto vars:     Size  Location     Type
		None
 Return value:  Size  Location     Type
                  1    wreg      void 
 Registers used:
		wreg, status,2, status,0, pclath, cstack
 Tracked objects:
		On entry : 
		On exit  : 
		Unchanged: 
 Data sizes:     COMMON   BANK0   BANK1   BANK3   BANK2
      Params:         0       0       0       0       0
      Locals:         0       0       0       0       0
      Temps:          0       0       0       0       0
      Totals:         0       0       0       0       0
Total ram usage:        0 bytes
 Hardware stack levels used:    1
 Hardware stack levels required when called:    2
 This function calls:
		_InitTimer0
 This function is called by:
		_main
 This function uses a non-reentrant model


 *************** function _InitTimer0 *****************
 Defined at:
		line 311 in file "WateringSystem.c"
 Parameters:    Size  Location     Type
		None
 Auto vars:     Size  Location     Type
		None
 Return value:  Size  Location     Type
                  1    wreg      void 
 Registers used:
		wreg, status,2, status,0
 Tracked objects:
		On entry : 
		On exit  : 
		Unchanged: 
 Data sizes:     COMMON   BANK0   BANK1   BANK3   BANK2
      Params:         0       0       0       0       0
      Locals:         0       0       0       0       0
      Temps:          0       1       0       0       0
      Totals:         0       1       0       0       0
Total ram usage:        1 bytes
 Hardware stack levels used:    1
 Hardware stack levels required when called:    1
 This function calls:
		Nothing
 This function is called by:
		_Init1msecTimerInterrupt
 This function uses a non-reentrant model


 *************** function _HardwareConfiguration *****************
 Defined at:
		line 166 in file "WateringSystem.c"
 Parameters:    Size  Location     Type
		None
 Auto vars:     Size  Location     Type
		None
 Return value:  Size  Location     Type
                  1    wreg      void 
 Registers used:
		wreg, status,2
 Tracked objects:
		On entry : 
		On exit  : 
		Unchanged: 
 Data sizes:     COMMON   BANK0   BANK1   BANK3   BANK2
      Params:         0       0       0       0       0
      Locals:         0       0       0       0       0
      Temps:          0       0       0       0       0
      Totals:         0       0       0       0       0
Total ram usage:        0 bytes
 Hardware stack levels used:    1
 Hardware stack levels required when called:    1
 This function calls:
		Nothing
 This function is called by:
		_main
 This function uses a non-reentrant model


 *************** function _ISR *****************
 Defined at:
		line 269 in file "WateringSystem.c"
 Parameters:    Size  Location     Type
		None
 Auto vars:     Size  Location     Type
		None
 Return value:  Size  Location     Type
                  1    wreg      void 
 Registers used:
		wreg
 Tracked objects:
		On entry : 
		On exit  : 
		Unchanged: 
 Data sizes:     COMMON   BANK0   BANK1   BANK3   BANK2
      Params:         0       0       0       0       0
      Locals:         0       0       0       0       0
      Temps:          4       0       0       0       0
      Totals:         4       0       0       0       0
Total ram usage:        4 bytes
 Hardware stack levels used:    1
 This function calls:
		Nothing
 This function is called by:
		Interrupt level 1
 This function uses a non-reentrant model



MODULE INFORMATION

Module		Function		Class		Link	Load	Size
WateringSystem.c
		_ProcessMENUStates		CODE           	01A7	0000	13
		_LedProcess    		CODE           	012A	0000	49
		_ISR           		CODE           	0179	0000	31
		_InitTimer0    		CODE           	01B3	0000	12
		_main          		CODE           	0028	0000	73
		_ProcessWATERINGStates		CODE           	0197	0000	17
		_UpdateTimeCounters		CODE           	0070	0000	67
		_Init1msecTimerInterrupt		CODE           	01D0	0000	5
		_HardwareConfiguration		CODE           	015A	0000	32
		_InitExternal_INT		CODE           	01BE	0000	11
		_SoftwareConfiguration		CODE           	00EF	0000	60

WateringSystem.c estimated size: 370

shared
		_MENU_CONFIGURACOES		STRING         	0000	0000	0
		__stringtab    		STRING         	00B2	0000	7
		_MENU_ESTADO   		STRING         	0000	0000	0
		_MENU_DURACAO  		STRING         	0000	0000	0
		__initialization		CODE           	0015	0000	16
		_MENU_HORA     		STRING         	0000	0000	0
		_MENU_MANUAL   		STRING         	0000	0000	0
		_MENU_ZONA     		STRING         	0000	0000	0
		_MENU_HUMIDADE 		STRING         	0000	0000	0
		_MENU_LIGAR    		STRING         	0000	0000	0

shared estimated size: 23

